Microchip MPLAB XC8 Compiler V2.31

Linker command line:

-W-3 --edf=C:\Program Files\Microchip\xc8\v2.31\pic\dat\en_msgs.txt -cn \
  -h+dist/default/production\PIC-I2C-Bare-Metal-Use-Cases.production.sym \
  --cmf=dist/default/production\PIC-I2C-Bare-Metal-Use-Cases.production.cmf \
  -z -Q18F47Q10 -oC:\Users\m65647\AppData\Local\Temp\sj9c.2 \
  --defsym=__MPLAB_BUILD=1 \
  -Mdist/default/production/PIC-I2C-Bare-Metal-Use-Cases.production.map -E1 \
  -ver=XC8 Compiler --acfsm=1493 -ASTACK=060h-0E1Eh -pstack=STACK \
  -ACODE=00h-01FFFFh -ACONST=00h-01FFFFh -ASMALLCONST=0F00h-0FFFhx497 \
  -AMEDIUMCONST=0F00h-0FFFFh,010F00h-01FFFFh -ACOMRAM=01h-05Fh \
  -AABS1=00h-0E1Eh -ABIGRAM=01h-0E1Eh \
  -ARAM=060h-0FFh,0100h-01FFhx13,0E00h-0E1Eh -ABANK0=060h-0FFh \
  -ABANK1=0100h-01FFh -ABANK2=0200h-02FFh -ABANK3=0300h-03FFh \
  -ABANK4=0400h-04FFh -ABANK5=0500h-05FFh -ABANK6=0600h-06FFh \
  -ABANK7=0700h-07FFh -ABANK8=0800h-08FFh -ABANK9=0900h-09FFh \
  -ABANK10=0A00h-0AFFh -ABANK11=0B00h-0BFFh -ABANK12=0C00h-0CFFh \
  -ABANK13=0D00h-0DFFh -ABANK14=0E00h-0E1Eh \
  -ASFR=0E1Fh-0EFFh,0F00h-0F5Fh,0F60h-0FFFh -ACONFIG=0300000h-030000Bh \
  -AIDLOC=0200000h-02000FFh -AEEDATA=0310000h-03103FFh -peeprom_data=EEDATA \
  -preset_vec=00h,intcode,intcodelo,powerup,init -pramtop=0F00h \
  -psmallconst=SMALLCONST -pmediumconst=MEDIUMCONST -pconst=CONST \
  -AFARRAM=00h-00h \
  -prdata=COMRAM,nvrram=COMRAM,nvbit=COMRAM,rbss=COMRAM,rbit=COMRAM \
  -pfarbss=FARRAM,fardata=FARRAM,nvFARRAM=FARRAM \
  -pintsave_regs=BIGRAM,bigbss=BIGRAM,bigdata=BIGRAM -pbss=RAM \
  -pidata=CODE,irdata=CODE,ibigdata=CODE,ifardata=CODE -prparam=COMRAM \
  C:\Users\m65647\AppData\Local\Temp\sj9c.o \
  dist/default/production\PIC-I2C-Bare-Metal-Use-Cases.production.o 

Object code version is 3.11

Machine type is 18F47Q10



                Name                               Link     Load   Length Selector   Space Scale
C:\Users\m65647\AppData\Local\Temp\sj9c.o
                idloc                            200000   200000      100        0       5
                config                           300000   300000        C        0       4
                init                                  0        0        4        0       0
dist/default/production\PIC-I2C-Bare-Metal-Use-Cases.production.o
                idloc                            200000   200000      100        0       5
                config                           300000   300000        C        0       4
                text19                            1F4B4    1F4B4        E     FA5A       0
                text18                            1F45C    1F45C        8     FA2E       0
                text17                            1F44E    1F44E        4     FA27       0
                text16                            1F4C2    1F4C2       14     FA61       0
                text15                            1F464    1F464        8     FA32       0
                text14                            1F4D6    1F4D6       14     FA6B       0
                text13                            1F490    1F490        C     FA48       0
                text12                            1F47C    1F47C        A     FA3E       0
                text11                            1F49C    1F49C        C     FA4E       0
                text10                            1F486    1F486        A     FA43       0
                text9                             1F452    1F452        4     FA29       0
                text8                             1F46C    1F46C        8     FA36       0
                text7                             1F474    1F474        8     FA3A       0
                text6                             1F4FE    1F4FE       B0     FA7F       0
                text5                             1F4A8    1F4A8        C     FA54       0
                text4                             1F4EA    1F4EA       14     FA75       0
                text3                             1F83C    1F83C      39A     FC1E       0
                text2                             1FBD6    1FBD6      42A     FDEB       0
                text1                             1F688    1F688      1B4     FB44       0
                text0                             1F5AE    1F5AE       DA     FAD7       0
                cstackCOMRAM                          1        1       50        1       1
                cinit                             1F456    1F456        6     FA2B       0

TOTAL           Name                               Link     Load   Length     Space
        CLASS   STACK          

        CLASS   CODE           
                init                                  0        0        4         0
                text19                            1F4B4    1F4B4        E         0
                text18                            1F45C    1F45C        8         0
                text17                            1F44E    1F44E        4         0
                text16                            1F4C2    1F4C2       14         0
                text15                            1F464    1F464        8         0
                text14                            1F4D6    1F4D6       14         0
                text13                            1F490    1F490        C         0
                text12                            1F47C    1F47C        A         0
                text11                            1F49C    1F49C        C         0
                text10                            1F486    1F486        A         0
                text9                             1F452    1F452        4         0
                text8                             1F46C    1F46C        8         0
                text7                             1F474    1F474        8         0
                text6                             1F4FE    1F4FE       B0         0
                text5                             1F4A8    1F4A8        C         0
                text4                             1F4EA    1F4EA       14         0
                text3                             1F83C    1F83C      39A         0
                text2                             1FBD6    1FBD6      42A         0
                text1                             1F688    1F688      1B4         0
                text0                             1F5AE    1F5AE       DA         0
                cinit                             1F456    1F456        6         0

        CLASS   CONST          

        CLASS   SMALLCONST     

        CLASS   MEDIUMCONST    

        CLASS   COMRAM         
                cstackCOMRAM                          1        1       50         1

        CLASS   ABS1           

        CLASS   BIGRAM         

        CLASS   RAM            

        CLASS   BANK0          

        CLASS   BANK1          

        CLASS   BANK2          

        CLASS   BANK3          

        CLASS   BANK4          

        CLASS   BANK5          

        CLASS   BANK6          

        CLASS   BANK7          

        CLASS   BANK8          

        CLASS   BANK9          

        CLASS   BANK10         

        CLASS   BANK11         

        CLASS   BANK12         

        CLASS   BANK13         

        CLASS   BANK14         

        CLASS   SFR            

        CLASS   CONFIG         
                config                           300000   300000        C         4

        CLASS   IDLOC          
                idloc                            200000   200000      100         5

        CLASS   EEDATA         

        CLASS   FARRAM         



SEGMENTS        Name                           Load    Length   Top    Selector   Space  Class

                reset_vec                      000000  000004  000004         0       0  CODE    
                cstackCOMRAM                   000001  000050  000051         1       1  COMRAM  
                text17                         01F44E  000004  01F452      FA27       0  CODE    
                text9                          01F452  000004  01F456      FA29       0  CODE    
                cinit                          01F456  000006  01F45C      FA2B       0  CODE    
                text18                         01F45C  000008  01F464      FA2E       0  CODE    
                text15                         01F464  000008  01F46C      FA32       0  CODE    
                text8                          01F46C  000008  01F474      FA36       0  CODE    
                text7                          01F474  000008  01F47C      FA3A       0  CODE    
                text12                         01F47C  00000A  01F486      FA3E       0  CODE    
                text10                         01F486  00000A  01F490      FA43       0  CODE    
                text13                         01F490  00000C  01F49C      FA48       0  CODE    
                text11                         01F49C  00000C  01F4A8      FA4E       0  CODE    
                text5                          01F4A8  00000C  01F4B4      FA54       0  CODE    
                text19                         01F4B4  00000E  01F4C2      FA5A       0  CODE    
                text16                         01F4C2  000014  01F4D6      FA61       0  CODE    
                text14                         01F4D6  000014  01F4EA      FA6B       0  CODE    
                text4                          01F4EA  000014  01F4FE      FA75       0  CODE    
                text6                          01F4FE  0000B0  01F5AE      FA7F       0  CODE    
                text0                          01F5AE  0000DA  01F688      FAD7       0  CODE    
                text1                          01F688  0001B4  01F83C      FB44       0  CODE    
                text3                          01F83C  00039A  01FBD6      FC1E       0  CODE    
                text2                          01FBD6  00042A  020000      FDEB       0  CODE    


UNUSED ADDRESS RANGES

        Name                Unused          Largest block    Delta
        BANK0            000060-0000FF               A0
        BANK1            000100-0001FF              100
        BANK10           000A00-000AFF              100
        BANK11           000B00-000BFF              100
        BANK12           000C00-000CFF              100
        BANK13           000D00-000DFF              100
        BANK14           000E00-000E1E               1F
        BANK2            000200-0002FF              100
        BANK3            000300-0003FF              100
        BANK4            000400-0004FF              100
        BANK5            000500-0005FF              100
        BANK6            000600-0006FF              100
        BANK7            000700-0007FF              100
        BANK8            000800-0008FF              100
        BANK9            000900-0009FF              100
        BIGRAM           000051-000E1E              DCE
        CODE             000004-01F44D            1F44A
        COMRAM           000051-00005F                F
        CONST            000004-01F44D            1F44A
        EEDATA           310000-3103FF              400
        MEDIUMCONST      000F00-00FFFF             F100
                         010F00-01F44D             E54E
        RAM              000060-000E1E              100
        SFR              000E1F-000FFF               E1
        SMALLCONST       000F00-01F44D              100
        STACK            000060-000E1E              DBF

                                  Symbol Table

?___fldiv                           cstackCOMRAM 00000F
?___flmul                           cstackCOMRAM 000028
?___xxtofl                          cstackCOMRAM 000001
I2C1_readData@data                  cstackCOMRAM 000001
I2C1_readNBytes@address             cstackCOMRAM 00000C
I2C1_readNBytes@data                cstackCOMRAM 000002
I2C1_readNBytes@i                   cstackCOMRAM 00000E
I2C1_readNBytes@length              cstackCOMRAM 000004
I2C1_readNBytes@readAddress         cstackCOMRAM 00000D
I2C1_sendData@byte                  cstackCOMRAM 000001
_ANSELBbits                         (abs)        000F14
_CLK_Initialize                     text19       01F4B4
_I2C1_Initialize                    text18       01F45C
_I2C1_close                         text17       01F44E
_I2C1_getAckstatBit                 text16       01F4C2
_I2C1_interruptFlagPolling          text14       01F4D6
_I2C1_open                          text15       01F464
_I2C1_readData                      text13       01F490
_I2C1_readNBytes                    text6        01F4FE
_I2C1_sendAcknowledge               text12       01F47C
_I2C1_sendData                      text11       01F49C
_I2C1_sendNotAcknowledge            text10       01F486
_I2C1_setRecieveMode                text9        01F452
_I2C1_startCondition                text8        01F46C
_I2C1_stopCondition                 text7        01F474
_OSCCON1bits                        (abs)        000ED3
_OSCFRQbits                         (abs)        000ED9
_PIR3bits                           (abs)        000EC8
_PORT_Initialize                    text5        01F4A8
_PPS_Initialize                     text4        01F4EA
_RB1PPS                             (abs)        000EEB
_RB2PPS                             (abs)        000EEC
_SSP1ADD                            (abs)        000F92
_SSP1BUF                            (abs)        000F91
_SSP1CLKPPS                         (abs)        000EB2
_SSP1CON1bits                       (abs)        000F95
_SSP1CON2bits                       (abs)        000F96
_SSP1DATPPS                         (abs)        000EB3
_WPUBbits                           (abs)        000F13
__HRAM                              (abs)        000000
__Habs1                             abs1         000000
__Hbank0                            bank0        000000
__Hbank1                            bank1        000000
__Hbank10                           bank10       000000
__Hbank11                           bank11       000000
__Hbank12                           bank12       000000
__Hbank13                           bank13       000000
__Hbank14                           bank14       000000
__Hbank2                            bank2        000000
__Hbank3                            bank3        000000
__Hbank4                            bank4        000000
__Hbank5                            bank5        000000
__Hbank6                            bank6        000000
__Hbank7                            bank7        000000
__Hbank8                            bank8        000000
__Hbank9                            bank9        000000
__Hbigbss                           bigbss       000000
__Hbigdata                          bigdata      000000
__Hbigram                           bigram       000000
__Hbss                              bss          000000
__Hcinit                            cinit        000000
__Hclrtext                          clrtext      000000
__Hcomram                           comram       000000
__Hconfig                           config       30000C
__Hconst                            const        000000
__HcstackCOMRAM                     cstackCOMRAM 000000
__Hdata                             data         000000
__Heeprom_data                      eeprom_data  000000
__Hfarbss                           farbss       000000
__Hfardata                          fardata      000000
__Hibigdata                         ibigdata     000000
__Hidata                            idata        000000
__Hidloc                            idloc        200100
__Hifardata                         ifardata     000000
__Hinit                             init         000004
__Hintcode                          intcode      000000
__Hintcode_body                     intcode_body 000000
__Hintcodelo                        intcodelo    000000
__Hintentry                         intentry     000000
__Hintret                           intret       000000
__Hintsave_regs                     intsave_regs 000000
__Hirdata                           irdata       000000
__Hmediumconst                      mediumconst  000000
__HnvFARRAM                         nvFARRAM     000000
__Hnvbit                            nvbit        000000
__Hnvrram                           nvrram       000000
__Hparam                            rparam       000000
__Hpowerup                          powerup      000000
__Hram                              ram          000000
__Hramtop                           ramtop       000F00
__Hrbit                             rbit         000000
__Hrbss                             rbss         000000
__Hrdata                            rdata        000000
__Hreset_vec                        reset_vec    000000
__Hrparam                           rparam       000000
__Hsfr                              sfr          000000
__Hsmallconst                       smallconst   000000
__Hspace_0                          (abs)        020000
__Hspace_1                          (abs)        000051
__Hspace_2                          (abs)        000000
__Hspace_4                          (abs)        60000C
__Hstack                            stack        000000
__Hstruct                           struct       000000
__Htemp                             temp         000000
__Htext                             text         000000
__Htext0                            text0        000000
__Htext1                            text1        000000
__Htext10                           text10       000000
__Htext11                           text11       000000
__Htext12                           text12       000000
__Htext13                           text13       000000
__Htext14                           text14       000000
__Htext15                           text15       000000
__Htext16                           text16       000000
__Htext17                           text17       000000
__Htext18                           text18       000000
__Htext19                           text19       000000
__Htext2                            text2        000000
__Htext3                            text3        000000
__Htext4                            text4        000000
__Htext5                            text5        000000
__Htext6                            text6        000000
__Htext7                            text7        000000
__Htext8                            text8        000000
__Htext9                            text9        000000
__LRAM                              (abs)        000001
__Labs1                             abs1         000000
__Lbank0                            bank0        000000
__Lbank1                            bank1        000000
__Lbank10                           bank10       000000
__Lbank11                           bank11       000000
__Lbank12                           bank12       000000
__Lbank13                           bank13       000000
__Lbank14                           bank14       000000
__Lbank2                            bank2        000000
__Lbank3                            bank3        000000
__Lbank4                            bank4        000000
__Lbank5                            bank5        000000
__Lbank6                            bank6        000000
__Lbank7                            bank7        000000
__Lbank8                            bank8        000000
__Lbank9                            bank9        000000
__Lbigbss                           bigbss       000000
__Lbigdata                          bigdata      000000
__Lbigram                           bigram       000000
__Lbss                              bss          000000
__Lcinit                            cinit        000000
__Lclrtext                          clrtext      000000
__Lcomram                           comram       000000
__Lconfig                           config       000000
__Lconst                            const        000000
__LcstackCOMRAM                     cstackCOMRAM 000000
__Ldata                             data         000000
__Leeprom_data                      eeprom_data  000000
__Lfarbss                           farbss       000000
__Lfardata                          fardata      000000
__Libigdata                         ibigdata     000000
__Lidata                            idata        000000
__Lidloc                            idloc        000000
__Lifardata                         ifardata     000000
__Linit                             init         000000
__Lintcode                          intcode      000000
__Lintcode_body                     intcode_body 000000
__Lintcodelo                        intcodelo    000000
__Lintentry                         intentry     000000
__Lintret                           intret       000000
__Lintsave_regs                     intsave_regs 000000
__Lirdata                           irdata       000000
__Lmediumconst                      mediumconst  000000
__LnvFARRAM                         nvFARRAM     000000
__Lnvbit                            nvbit        000000
__Lnvrram                           nvrram       000000
__Lparam                            rparam       000000
__Lpowerup                          powerup      000000
__Lram                              ram          000000
__Lramtop                           ramtop       000F00
__Lrbit                             rbit         000000
__Lrbss                             rbss         000000
__Lrdata                            rdata        000000
__Lreset_vec                        reset_vec    000000
__Lrparam                           rparam       000000
__Lsfr                              sfr          000000
__Lsmallconst                       smallconst   000000
__Lspace_0                          (abs)        000000
__Lspace_1                          (abs)        000000
__Lspace_2                          (abs)        000000
__Lspace_4                          (abs)        000000
__Lstack                            stack        000000
__Lstruct                           struct       000000
__Ltemp                             temp         000000
__Ltext                             text         000000
__Ltext0                            text0        000000
__Ltext1                            text1        000000
__Ltext10                           text10       000000
__Ltext11                           text11       000000
__Ltext12                           text12       000000
__Ltext13                           text13       000000
__Ltext14                           text14       000000
__Ltext15                           text15       000000
__Ltext16                           text16       000000
__Ltext17                           text17       000000
__Ltext18                           text18       000000
__Ltext19                           text19       000000
__Ltext2                            text2        000000
__Ltext3                            text3        000000
__Ltext4                            text4        000000
__Ltext5                            text5        000000
__Ltext6                            text6        000000
__Ltext7                            text7        000000
__Ltext8                            text8        000000
__Ltext9                            text9        000000
__S0                                (abs)        020000
__S1                                (abs)        000051
__S2                                (abs)        000000
__S4                                (abs)        000000
__S5                                (abs)        000000
___fldiv                            text3        01F83C
___fldiv@a                          cstackCOMRAM 000013
___fldiv@aexp                       cstackCOMRAM 000027
___fldiv@b                          cstackCOMRAM 00000F
___fldiv@bexp                       cstackCOMRAM 000026
___fldiv@grs                        cstackCOMRAM 000022
___fldiv@new_exp                    cstackCOMRAM 000020
___fldiv@rem                        cstackCOMRAM 00001B
___fldiv@sign                       cstackCOMRAM 00001F
___flmul                            text2        01FBD6
___flmul@a                          cstackCOMRAM 00002C
___flmul@aexp                       cstackCOMRAM 000039
___flmul@b                          cstackCOMRAM 000028
___flmul@bexp                       cstackCOMRAM 00003A
___flmul@grs                        cstackCOMRAM 000035
___flmul@prod                       cstackCOMRAM 00003B
___flmul@sign                       cstackCOMRAM 000034
___flmul@temp                       cstackCOMRAM 00003F
___inthi_sp                         stack        000000
___intlo_sp                         stack        000000
___param_bank                       (abs)        000000
___rparam_used                      (abs)        000001
___sp                               stack        000000
___xxtofl                           text1        01F688
___xxtofl@arg                       cstackCOMRAM 00000B
___xxtofl@exp                       cstackCOMRAM 00000A
___xxtofl@sign                      cstackCOMRAM 000009
___xxtofl@val                       cstackCOMRAM 000001
__accesstop                         (abs)        000060
__activetblptr                      (abs)        000000
__end_of_CLK_Initialize             text19       01F4C2
__end_of_I2C1_Initialize            text18       01F464
__end_of_I2C1_close                 text17       01F452
__end_of_I2C1_getAckstatBit         text16       01F4D6
__end_of_I2C1_interruptFlagPolling  text14       01F4EA
__end_of_I2C1_open                  text15       01F46C
__end_of_I2C1_readData              text13       01F49C
__end_of_I2C1_readNBytes            text6        01F5AE
__end_of_I2C1_sendAcknowledge       text12       01F486
__end_of_I2C1_sendData              text11       01F4A8
__end_of_I2C1_sendNotAcknowledge    text10       01F490
__end_of_I2C1_setRecieveMode        text9        01F456
__end_of_I2C1_startCondition        text8        01F474
__end_of_I2C1_stopCondition         text7        01F47C
__end_of_PORT_Initialize            text5        01F4B4
__end_of_PPS_Initialize             text4        01F4FE
__end_of___fldiv                    text3        01FBD6
__end_of___flmul                    text2        020000
__end_of___xxtofl                   text1        01F83C
__end_of__initialization            cinit        01F456
__end_of_main                       text0        01F688
__initialization                    cinit        01F456
__mediumconst                       mediumconst  000000
__pcinit                            cinit        01F456
__pcstackCOMRAM                     cstackCOMRAM 000001
__ptext0                            text0        01F5AE
__ptext1                            text1        01F688
__ptext10                           text10       01F486
__ptext11                           text11       01F49C
__ptext12                           text12       01F47C
__ptext13                           text13       01F490
__ptext14                           text14       01F4D6
__ptext15                           text15       01F464
__ptext16                           text16       01F4C2
__ptext17                           text17       01F44E
__ptext18                           text18       01F45C
__ptext19                           text19       01F4B4
__ptext2                            text2        01FBD6
__ptext3                            text3        01F83C
__ptext4                            text4        01F4EA
__ptext5                            text5        01F4A8
__ptext6                            text6        01F4FE
__ptext7                            text7        01F474
__ptext8                            text8        01F46C
__ptext9                            text9        01F452
__ramtop                            ramtop       000F00
__size_of_CLK_Initialize            (abs)        000000
__size_of_I2C1_Initialize           (abs)        000000
__size_of_I2C1_close                (abs)        000000
__size_of_I2C1_getAckstatBit        (abs)        000000
__size_of_I2C1_interruptFlagPolling (abs)        000000
__size_of_I2C1_open                 (abs)        000000
__size_of_I2C1_readData             (abs)        000000
__size_of_I2C1_readNBytes           (abs)        000000
__size_of_I2C1_sendAcknowledge      (abs)        000000
__size_of_I2C1_sendData             (abs)        000000
__size_of_I2C1_sendNotAcknowledge   (abs)        000000
__size_of_I2C1_setRecieveMode       (abs)        000000
__size_of_I2C1_startCondition       (abs)        000000
__size_of_I2C1_stopCondition        (abs)        000000
__size_of_PORT_Initialize           (abs)        000000
__size_of_PPS_Initialize            (abs)        000000
__size_of___fldiv                   (abs)        000000
__size_of___flmul                   (abs)        000000
__size_of___xxtofl                  (abs)        000000
__size_of_main                      (abs)        000000
__smallconst                        smallconst   000000
_main                               text0        01F5AE
end_of_initialization               cinit        01F456
intlevel0                           text         000000
intlevel1                           text         000000
intlevel2                           text         000000
intlevel3                           text         000000
main@Vdd                            cstackCOMRAM 000047
main@data                           cstackCOMRAM 00004F
main@raw_ADC_value                  cstackCOMRAM 00004D
main@resolution                     cstackCOMRAM 00004B
stackhi                             (abs)        000E1E
stacklo                             (abs)        000060
start                               init         000000
start_initialization                cinit        01F456


FUNCTION INFORMATION:

 *************** function _main *****************
 Defined at:
		line 298 in file "main.c"
 Parameters:    Size  Location     Type
		None
 Auto vars:     Size  Location     Type
  Vdd             4   70[COMRAM] float 
  ADC_voltage     4    0        float 
  data            2   78[COMRAM] unsigned char [2]
  raw_ADC_valu    2   76[COMRAM] unsigned short 
  resolution      2   74[COMRAM] unsigned short 
 Return value:  Size  Location     Type
                  2  107[None  ] int 
 Registers used:
		wreg, fsr2l, fsr2h, status,2, status,0, prodl, prodh, cstack
 Tracked objects:
		On entry : 
		On exit  : 
		Unchanged: 
 Data sizes:     COMRAM   BANK0   BANK1   BANK2   BANK3   BANK4   BANK5   BANK6   BANK7   BANK8   BANK9  BANK10  BANK11  BANK12  BANK13  BANK14
      Params:         0       0       0       0       0       0       0       0       0       0       0       0       0       0       0       0
      Locals:        14       0       0       0       0       0       0       0       0       0       0       0       0       0       0       0
      Temps:          2       0       0       0       0       0       0       0       0       0       0       0       0       0       0       0
      Totals:        16       0       0       0       0       0       0       0       0       0       0       0       0       0       0       0
Total ram usage:       16 bytes
 Hardware stack levels required when called:    3
 This function calls:
		_CLK_Initialize
		_I2C1_Initialize
		_I2C1_readNBytes
		_PORT_Initialize
		_PPS_Initialize
		___fldiv
		___flmul
		___xxtofl
 This function is called by:
		Startup code after reset
 This function uses a non-reentrant model


 *************** function ___xxtofl *****************
 Defined at:
		line 10 in file "C:\Program Files\Microchip\xc8\v2.31\pic\sources\c99\common\xxtofl.c"
 Parameters:    Size  Location     Type
  sign            1    wreg     unsigned char 
  val             4    0[COMRAM] long 
 Auto vars:     Size  Location     Type
  sign            1    8[COMRAM] unsigned char 
  arg             4   10[COMRAM] unsigned long 
  exp             1    9[COMRAM] unsigned char 
 Return value:  Size  Location     Type
                  4    0[COMRAM] unsigned char 
 Registers used:
		wreg, status,2, status,0
 Tracked objects:
		On entry : 
		On exit  : 
		Unchanged: 
 Data sizes:     COMRAM   BANK0   BANK1   BANK2   BANK3   BANK4   BANK5   BANK6   BANK7   BANK8   BANK9  BANK10  BANK11  BANK12  BANK13  BANK14
      Params:         4       0       0       0       0       0       0       0       0       0       0       0       0       0       0       0
      Locals:         6       0       0       0       0       0       0       0       0       0       0       0       0       0       0       0
      Temps:          4       0       0       0       0       0       0       0       0       0       0       0       0       0       0       0
      Totals:        14       0       0       0       0       0       0       0       0       0       0       0       0       0       0       0
Total ram usage:       14 bytes
 Hardware stack levels used:    1
 This function calls:
		Nothing
 This function is called by:
		_main
 This function uses a non-reentrant model


 *************** function ___flmul *****************
 Defined at:
		line 8 in file "C:\Program Files\Microchip\xc8\v2.31\pic\sources\c99\common\sprcmul.c"
 Parameters:    Size  Location     Type
  b               4   39[COMRAM] unsigned char 
  a               4   43[COMRAM] unsigned char 
 Auto vars:     Size  Location     Type
  prod            4   58[COMRAM] struct .
  grs             4   52[COMRAM] unsigned long 
  temp            2   62[COMRAM] struct .
  bexp            1   57[COMRAM] unsigned char 
  aexp            1   56[COMRAM] unsigned char 
  sign            1   51[COMRAM] unsigned char 
 Return value:  Size  Location     Type
                  4   39[COMRAM] unsigned char 
 Registers used:
		wreg, status,2, status,0, prodl, prodh
 Tracked objects:
		On entry : 
		On exit  : 
		Unchanged: 
 Data sizes:     COMRAM   BANK0   BANK1   BANK2   BANK3   BANK4   BANK5   BANK6   BANK7   BANK8   BANK9  BANK10  BANK11  BANK12  BANK13  BANK14
      Params:         8       0       0       0       0       0       0       0       0       0       0       0       0       0       0       0
      Locals:        13       0       0       0       0       0       0       0       0       0       0       0       0       0       0       0
      Temps:          4       0       0       0       0       0       0       0       0       0       0       0       0       0       0       0
      Totals:        25       0       0       0       0       0       0       0       0       0       0       0       0       0       0       0
Total ram usage:       25 bytes
 Hardware stack levels used:    1
 This function calls:
		Nothing
 This function is called by:
		_main
 This function uses a non-reentrant model


 *************** function ___fldiv *****************
 Defined at:
		line 11 in file "C:\Program Files\Microchip\xc8\v2.31\pic\sources\c99\common\sprcdiv.c"
 Parameters:    Size  Location     Type
  b               4   14[COMRAM] unsigned char 
  a               4   18[COMRAM] unsigned char 
 Auto vars:     Size  Location     Type
  grs             4   33[COMRAM] unsigned long 
  rem             4   26[COMRAM] unsigned long 
  new_exp         2   31[COMRAM] short 
  aexp            1   38[COMRAM] unsigned char 
  bexp            1   37[COMRAM] unsigned char 
  sign            1   30[COMRAM] unsigned char 
 Return value:  Size  Location     Type
                  4   14[COMRAM] unsigned char 
 Registers used:
		wreg, status,2, status,0
 Tracked objects:
		On entry : 
		On exit  : 
		Unchanged: 
 Data sizes:     COMRAM   BANK0   BANK1   BANK2   BANK3   BANK4   BANK5   BANK6   BANK7   BANK8   BANK9  BANK10  BANK11  BANK12  BANK13  BANK14
      Params:         8       0       0       0       0       0       0       0       0       0       0       0       0       0       0       0
      Locals:        13       0       0       0       0       0       0       0       0       0       0       0       0       0       0       0
      Temps:          4       0       0       0       0       0       0       0       0       0       0       0       0       0       0       0
      Totals:        25       0       0       0       0       0       0       0       0       0       0       0       0       0       0       0
Total ram usage:       25 bytes
 Hardware stack levels used:    1
 This function calls:
		Nothing
 This function is called by:
		_main
 This function uses a non-reentrant model


 *************** function _PPS_Initialize *****************
 Defined at:
		line 68 in file "main.c"
 Parameters:    Size  Location     Type
		None
 Auto vars:     Size  Location     Type
		None
 Return value:  Size  Location     Type
                  1    wreg      void 
 Registers used:
		wreg, status,2
 Tracked objects:
		On entry : 
		On exit  : 
		Unchanged: 
 Data sizes:     COMRAM   BANK0   BANK1   BANK2   BANK3   BANK4   BANK5   BANK6   BANK7   BANK8   BANK9  BANK10  BANK11  BANK12  BANK13  BANK14
      Params:         0       0       0       0       0       0       0       0       0       0       0       0       0       0       0       0
      Locals:         0       0       0       0       0       0       0       0       0       0       0       0       0       0       0       0
      Temps:          0       0       0       0       0       0       0       0       0       0       0       0       0       0       0       0
      Totals:         0       0       0       0       0       0       0       0       0       0       0       0       0       0       0       0
Total ram usage:        0 bytes
 Hardware stack levels used:    1
 This function calls:
		Nothing
 This function is called by:
		_main
 This function uses a non-reentrant model


 *************** function _PORT_Initialize *****************
 Defined at:
		line 79 in file "main.c"
 Parameters:    Size  Location     Type
		None
 Auto vars:     Size  Location     Type
		None
 Return value:  Size  Location     Type
                  1    wreg      void 
 Registers used:
		None
 Tracked objects:
		On entry : 
		On exit  : 
		Unchanged: 
 Data sizes:     COMRAM   BANK0   BANK1   BANK2   BANK3   BANK4   BANK5   BANK6   BANK7   BANK8   BANK9  BANK10  BANK11  BANK12  BANK13  BANK14
      Params:         0       0       0       0       0       0       0       0       0       0       0       0       0       0       0       0
      Locals:         0       0       0       0       0       0       0       0       0       0       0       0       0       0       0       0
      Temps:          0       0       0       0       0       0       0       0       0       0       0       0       0       0       0       0
      Totals:         0       0       0       0       0       0       0       0       0       0       0       0       0       0       0       0
Total ram usage:        0 bytes
 Hardware stack levels used:    1
 This function calls:
		Nothing
 This function is called by:
		_main
 This function uses a non-reentrant model


 *************** function _I2C1_readNBytes *****************
 Defined at:
		line 262 in file "main.c"
 Parameters:    Size  Location     Type
  address         1    wreg     unsigned char 
  data            2    1[COMRAM] PTR unsigned char 
		 -> main@data(2), 
  length          1    3[COMRAM] unsigned char 
 Auto vars:     Size  Location     Type
  address         1   11[COMRAM] unsigned char 
  i               1   13[COMRAM] unsigned char 
  readAddress     1   12[COMRAM] unsigned char 
 Return value:  Size  Location     Type
                  1    wreg      void 
 Registers used:
		wreg, fsr2l, fsr2h, status,2, status,0, cstack
 Tracked objects:
		On entry : 
		On exit  : 
		Unchanged: 
 Data sizes:     COMRAM   BANK0   BANK1   BANK2   BANK3   BANK4   BANK5   BANK6   BANK7   BANK8   BANK9  BANK10  BANK11  BANK12  BANK13  BANK14
      Params:         3       0       0       0       0       0       0       0       0       0       0       0       0       0       0       0
      Locals:         3       0       0       0       0       0       0       0       0       0       0       0       0       0       0       0
      Temps:          7       0       0       0       0       0       0       0       0       0       0       0       0       0       0       0
      Totals:        13       0       0       0       0       0       0       0       0       0       0       0       0       0       0       0
Total ram usage:       13 bytes
 Hardware stack levels used:    1
 Hardware stack levels required when called:    2
 This function calls:
		_I2C1_close
		_I2C1_getAckstatBit
		_I2C1_open
		_I2C1_readData
		_I2C1_sendAcknowledge
		_I2C1_sendData
		_I2C1_sendNotAcknowledge
		_I2C1_setRecieveMode
		_I2C1_startCondition
		_I2C1_stopCondition
 This function is called by:
		_main
 This function uses a non-reentrant model


 *************** function _I2C1_stopCondition *****************
 Defined at:
		line 135 in file "main.c"
 Parameters:    Size  Location     Type
		None
 Auto vars:     Size  Location     Type
		None
 Return value:  Size  Location     Type
                  1    wreg      void 
 Registers used:
		cstack
 Tracked objects:
		On entry : 
		On exit  : 
		Unchanged: 
 Data sizes:     COMRAM   BANK0   BANK1   BANK2   BANK3   BANK4   BANK5   BANK6   BANK7   BANK8   BANK9  BANK10  BANK11  BANK12  BANK13  BANK14
      Params:         0       0       0       0       0       0       0       0       0       0       0       0       0       0       0       0
      Locals:         0       0       0       0       0       0       0       0       0       0       0       0       0       0       0       0
      Temps:          0       0       0       0       0       0       0       0       0       0       0       0       0       0       0       0
      Totals:         0       0       0       0       0       0       0       0       0       0       0       0       0       0       0       0
Total ram usage:        0 bytes
 Hardware stack levels used:    1
 Hardware stack levels required when called:    1
 This function calls:
		_I2C1_interruptFlagPolling
 This function is called by:
		_I2C1_readNBytes
		_I2C1_write1ByteRegister
		_I2C1_read2ByteRegister
 This function uses a non-reentrant model


 *************** function _I2C1_startCondition *****************
 Defined at:
		line 127 in file "main.c"
 Parameters:    Size  Location     Type
		None
 Auto vars:     Size  Location     Type
		None
 Return value:  Size  Location     Type
                  1    wreg      void 
 Registers used:
		cstack
 Tracked objects:
		On entry : 
		On exit  : 
		Unchanged: 
 Data sizes:     COMRAM   BANK0   BANK1   BANK2   BANK3   BANK4   BANK5   BANK6   BANK7   BANK8   BANK9  BANK10  BANK11  BANK12  BANK13  BANK14
      Params:         0       0       0       0       0       0       0       0       0       0       0       0       0       0       0       0
      Locals:         0       0       0       0       0       0       0       0       0       0       0       0       0       0       0       0
      Temps:          0       0       0       0       0       0       0       0       0       0       0       0       0       0       0       0
      Totals:         0       0       0       0       0       0       0       0       0       0       0       0       0       0       0       0
Total ram usage:        0 bytes
 Hardware stack levels used:    1
 Hardware stack levels required when called:    1
 This function calls:
		_I2C1_interruptFlagPolling
 This function is called by:
		_I2C1_readNBytes
		_I2C1_write1ByteRegister
		_I2C1_read2ByteRegister
 This function uses a non-reentrant model


 *************** function _I2C1_setRecieveMode *****************
 Defined at:
		line 233 in file "main.c"
 Parameters:    Size  Location     Type
		None
 Auto vars:     Size  Location     Type
		None
 Return value:  Size  Location     Type
                  1    wreg      void 
 Registers used:
		None
 Tracked objects:
		On entry : 
		On exit  : 
		Unchanged: 
 Data sizes:     COMRAM   BANK0   BANK1   BANK2   BANK3   BANK4   BANK5   BANK6   BANK7   BANK8   BANK9  BANK10  BANK11  BANK12  BANK13  BANK14
      Params:         0       0       0       0       0       0       0       0       0       0       0       0       0       0       0       0
      Locals:         0       0       0       0       0       0       0       0       0       0       0       0       0       0       0       0
      Temps:          0       0       0       0       0       0       0       0       0       0       0       0       0       0       0       0
      Totals:         0       0       0       0       0       0       0       0       0       0       0       0       0       0       0       0
Total ram usage:        0 bytes
 Hardware stack levels used:    1
 This function calls:
		Nothing
 This function is called by:
		_I2C1_readNBytes
		_I2C1_read2ByteRegister
 This function uses a non-reentrant model


 *************** function _I2C1_sendNotAcknowledge *****************
 Defined at:
		line 254 in file "main.c"
 Parameters:    Size  Location     Type
		None
 Auto vars:     Size  Location     Type
		None
 Return value:  Size  Location     Type
                  1    wreg      void 
 Registers used:
		cstack
 Tracked objects:
		On entry : 
		On exit  : 
		Unchanged: 
 Data sizes:     COMRAM   BANK0   BANK1   BANK2   BANK3   BANK4   BANK5   BANK6   BANK7   BANK8   BANK9  BANK10  BANK11  BANK12  BANK13  BANK14
      Params:         0       0       0       0       0       0       0       0       0       0       0       0       0       0       0       0
      Locals:         0       0       0       0       0       0       0       0       0       0       0       0       0       0       0       0
      Temps:          0       0       0       0       0       0       0       0       0       0       0       0       0       0       0       0
      Totals:         0       0       0       0       0       0       0       0       0       0       0       0       0       0       0       0
Total ram usage:        0 bytes
 Hardware stack levels used:    1
 Hardware stack levels required when called:    1
 This function calls:
		_I2C1_interruptFlagPolling
 This function is called by:
		_I2C1_readNBytes
		_I2C1_read2ByteRegister
 This function uses a non-reentrant model


 *************** function _I2C1_sendData *****************
 Defined at:
		line 143 in file "main.c"
 Parameters:    Size  Location     Type
  byte            1    wreg     unsigned char 
 Auto vars:     Size  Location     Type
  byte            1    0[COMRAM] unsigned char 
 Return value:  Size  Location     Type
                  1    wreg      void 
 Registers used:
		wreg, cstack
 Tracked objects:
		On entry : 
		On exit  : 
		Unchanged: 
 Data sizes:     COMRAM   BANK0   BANK1   BANK2   BANK3   BANK4   BANK5   BANK6   BANK7   BANK8   BANK9  BANK10  BANK11  BANK12  BANK13  BANK14
      Params:         0       0       0       0       0       0       0       0       0       0       0       0       0       0       0       0
      Locals:         1       0       0       0       0       0       0       0       0       0       0       0       0       0       0       0
      Temps:          0       0       0       0       0       0       0       0       0       0       0       0       0       0       0       0
      Totals:         1       0       0       0       0       0       0       0       0       0       0       0       0       0       0       0
Total ram usage:        1 bytes
 Hardware stack levels used:    1
 Hardware stack levels required when called:    1
 This function calls:
		_I2C1_interruptFlagPolling
 This function is called by:
		_I2C1_readNBytes
		_I2C1_write1ByteRegister
		_I2C1_read2ByteRegister
 This function uses a non-reentrant model


 *************** function _I2C1_sendAcknowledge *****************
 Defined at:
		line 246 in file "main.c"
 Parameters:    Size  Location     Type
		None
 Auto vars:     Size  Location     Type
		None
 Return value:  Size  Location     Type
                  1    wreg      void 
 Registers used:
		cstack
 Tracked objects:
		On entry : 
		On exit  : 
		Unchanged: 
 Data sizes:     COMRAM   BANK0   BANK1   BANK2   BANK3   BANK4   BANK5   BANK6   BANK7   BANK8   BANK9  BANK10  BANK11  BANK12  BANK13  BANK14
      Params:         0       0       0       0       0       0       0       0       0       0       0       0       0       0       0       0
      Locals:         0       0       0       0       0       0       0       0       0       0       0       0       0       0       0       0
      Temps:          0       0       0       0       0       0       0       0       0       0       0       0       0       0       0       0
      Totals:         0       0       0       0       0       0       0       0       0       0       0       0       0       0       0       0
Total ram usage:        0 bytes
 Hardware stack levels used:    1
 Hardware stack levels required when called:    1
 This function calls:
		_I2C1_interruptFlagPolling
 This function is called by:
		_I2C1_readNBytes
		_I2C1_read2ByteRegister
 This function uses a non-reentrant model


 *************** function _I2C1_readData *****************
 Defined at:
		line 239 in file "main.c"
 Parameters:    Size  Location     Type
		None
 Auto vars:     Size  Location     Type
  data            1    0[COMRAM] unsigned char 
 Return value:  Size  Location     Type
                  1    wreg      unsigned char 
 Registers used:
		wreg, status,2, cstack
 Tracked objects:
		On entry : 
		On exit  : 
		Unchanged: 
 Data sizes:     COMRAM   BANK0   BANK1   BANK2   BANK3   BANK4   BANK5   BANK6   BANK7   BANK8   BANK9  BANK10  BANK11  BANK12  BANK13  BANK14
      Params:         0       0       0       0       0       0       0       0       0       0       0       0       0       0       0       0
      Locals:         1       0       0       0       0       0       0       0       0       0       0       0       0       0       0       0
      Temps:          0       0       0       0       0       0       0       0       0       0       0       0       0       0       0       0
      Totals:         1       0       0       0       0       0       0       0       0       0       0       0       0       0       0       0
Total ram usage:        1 bytes
 Hardware stack levels used:    1
 Hardware stack levels required when called:    1
 This function calls:
		_I2C1_interruptFlagPolling
 This function is called by:
		_I2C1_readNBytes
		_I2C1_read2ByteRegister
 This function uses a non-reentrant model


 *************** function _I2C1_interruptFlagPolling *****************
 Defined at:
		line 99 in file "main.c"
 Parameters:    Size  Location     Type
		None
 Auto vars:     Size  Location     Type
		None
 Return value:  Size  Location     Type
                  1    wreg      void 
 Registers used:
		None
 Tracked objects:
		On entry : 
		On exit  : 
		Unchanged: 
 Data sizes:     COMRAM   BANK0   BANK1   BANK2   BANK3   BANK4   BANK5   BANK6   BANK7   BANK8   BANK9  BANK10  BANK11  BANK12  BANK13  BANK14
      Params:         0       0       0       0       0       0       0       0       0       0       0       0       0       0       0       0
      Locals:         0       0       0       0       0       0       0       0       0       0       0       0       0       0       0       0
      Temps:          0       0       0       0       0       0       0       0       0       0       0       0       0       0       0       0
      Totals:         0       0       0       0       0       0       0       0       0       0       0       0       0       0       0       0
Total ram usage:        0 bytes
 Hardware stack levels used:    1
 This function calls:
		Nothing
 This function is called by:
		_I2C1_startCondition
		_I2C1_stopCondition
		_I2C1_sendData
		_I2C1_readData
		_I2C1_sendAcknowledge
		_I2C1_sendNotAcknowledge
 This function uses a non-reentrant model


 *************** function _I2C1_open *****************
 Defined at:
		line 112 in file "main.c"
 Parameters:    Size  Location     Type
		None
 Auto vars:     Size  Location     Type
		None
 Return value:  Size  Location     Type
                  1    wreg      void 
 Registers used:
		None
 Tracked objects:
		On entry : 
		On exit  : 
		Unchanged: 
 Data sizes:     COMRAM   BANK0   BANK1   BANK2   BANK3   BANK4   BANK5   BANK6   BANK7   BANK8   BANK9  BANK10  BANK11  BANK12  BANK13  BANK14
      Params:         0       0       0       0       0       0       0       0       0       0       0       0       0       0       0       0
      Locals:         0       0       0       0       0       0       0       0       0       0       0       0       0       0       0       0
      Temps:          0       0       0       0       0       0       0       0       0       0       0       0       0       0       0       0
      Totals:         0       0       0       0       0       0       0       0       0       0       0       0       0       0       0       0
Total ram usage:        0 bytes
 Hardware stack levels used:    1
 This function calls:
		Nothing
 This function is called by:
		_I2C1_readNBytes
		_I2C1_write1ByteRegister
		_I2C1_read2ByteRegister
 This function uses a non-reentrant model


 *************** function _I2C1_getAckstatBit *****************
 Defined at:
		line 149 in file "main.c"
 Parameters:    Size  Location     Type
		None
 Auto vars:     Size  Location     Type
		None
 Return value:  Size  Location     Type
                  1    wreg      unsigned char 
 Registers used:
		wreg
 Tracked objects:
		On entry : 
		On exit  : 
		Unchanged: 
 Data sizes:     COMRAM   BANK0   BANK1   BANK2   BANK3   BANK4   BANK5   BANK6   BANK7   BANK8   BANK9  BANK10  BANK11  BANK12  BANK13  BANK14
      Params:         0       0       0       0       0       0       0       0       0       0       0       0       0       0       0       0
      Locals:         0       0       0       0       0       0       0       0       0       0       0       0       0       0       0       0
      Temps:          0       0       0       0       0       0       0       0       0       0       0       0       0       0       0       0
      Totals:         0       0       0       0       0       0       0       0       0       0       0       0       0       0       0       0
Total ram usage:        0 bytes
 Hardware stack levels used:    1
 This function calls:
		Nothing
 This function is called by:
		_I2C1_readNBytes
		_I2C1_write1ByteRegister
		_I2C1_read2ByteRegister
 This function uses a non-reentrant model


 *************** function _I2C1_close *****************
 Defined at:
		line 121 in file "main.c"
 Parameters:    Size  Location     Type
		None
 Auto vars:     Size  Location     Type
		None
 Return value:  Size  Location     Type
                  1    wreg      void 
 Registers used:
		None
 Tracked objects:
		On entry : 
		On exit  : 
		Unchanged: 
 Data sizes:     COMRAM   BANK0   BANK1   BANK2   BANK3   BANK4   BANK5   BANK6   BANK7   BANK8   BANK9  BANK10  BANK11  BANK12  BANK13  BANK14
      Params:         0       0       0       0       0       0       0       0       0       0       0       0       0       0       0       0
      Locals:         0       0       0       0       0       0       0       0       0       0       0       0       0       0       0       0
      Temps:          0       0       0       0       0       0       0       0       0       0       0       0       0       0       0       0
      Totals:         0       0       0       0       0       0       0       0       0       0       0       0       0       0       0       0
Total ram usage:        0 bytes
 Hardware stack levels used:    1
 This function calls:
		Nothing
 This function is called by:
		_I2C1_readNBytes
		_I2C1_write1ByteRegister
		_I2C1_read2ByteRegister
 This function uses a non-reentrant model


 *************** function _I2C1_Initialize *****************
 Defined at:
		line 90 in file "main.c"
 Parameters:    Size  Location     Type
		None
 Auto vars:     Size  Location     Type
		None
 Return value:  Size  Location     Type
                  1    wreg      void 
 Registers used:
		wreg, status,2
 Tracked objects:
		On entry : 
		On exit  : 
		Unchanged: 
 Data sizes:     COMRAM   BANK0   BANK1   BANK2   BANK3   BANK4   BANK5   BANK6   BANK7   BANK8   BANK9  BANK10  BANK11  BANK12  BANK13  BANK14
      Params:         0       0       0       0       0       0       0       0       0       0       0       0       0       0       0       0
      Locals:         0       0       0       0       0       0       0       0       0       0       0       0       0       0       0       0
      Temps:          0       0       0       0       0       0       0       0       0       0       0       0       0       0       0       0
      Totals:         0       0       0       0       0       0       0       0       0       0       0       0       0       0       0       0
Total ram usage:        0 bytes
 Hardware stack levels used:    1
 This function calls:
		Nothing
 This function is called by:
		_main
 This function uses a non-reentrant model


 *************** function _CLK_Initialize *****************
 Defined at:
		line 59 in file "main.c"
 Parameters:    Size  Location     Type
		None
 Auto vars:     Size  Location     Type
		None
 Return value:  Size  Location     Type
                  1    wreg      void 
 Registers used:
		wreg, status,2
 Tracked objects:
		On entry : 
		On exit  : 
		Unchanged: 
 Data sizes:     COMRAM   BANK0   BANK1   BANK2   BANK3   BANK4   BANK5   BANK6   BANK7   BANK8   BANK9  BANK10  BANK11  BANK12  BANK13  BANK14
      Params:         0       0       0       0       0       0       0       0       0       0       0       0       0       0       0       0
      Locals:         0       0       0       0       0       0       0       0       0       0       0       0       0       0       0       0
      Temps:          0       0       0       0       0       0       0       0       0       0       0       0       0       0       0       0
      Totals:         0       0       0       0       0       0       0       0       0       0       0       0       0       0       0       0
Total ram usage:        0 bytes
 Hardware stack levels used:    1
 This function calls:
		Nothing
 This function is called by:
		_main
 This function uses a non-reentrant model



MODULE INFORMATION

Module		Function		Class		Link	Load	Size
C:\Program Files\Microchip\xc8\v2.31\pic\sources\c99\common\xxtofl.c
		___xxtofl      		CODE           	1F688	0000	436

C:\Program Files\Microchip\xc8\v2.31\pic\sources\c99\common\xxtofl.c estimated size: 436

shared
		__initialization		CODE           	1F456	0000	1

shared estimated size: 1

C:\Program Files\Microchip\xc8\v2.31\pic\sources\c99\common\sprcmul.c
		___flmul       		CODE           	1FBD6	0000	1066

C:\Program Files\Microchip\xc8\v2.31\pic\sources\c99\common\sprcmul.c estimated size: 1066

C:\Program Files\Microchip\xc8\v2.31\pic\sources\c99\common\sprcdiv.c
		___fldiv       		CODE           	1F83C	0000	922

C:\Program Files\Microchip\xc8\v2.31\pic\sources\c99\common\sprcdiv.c estimated size: 922

main.c
		_I2C1_setRecieveMode		CODE           	1F452	0000	4
		_PORT_Initialize		CODE           	1F4A8	0000	12
		_I2C1_startCondition		CODE           	1F46C	0000	8
		_I2C1_readData 		CODE           	1F490	0000	12
		_main          		CODE           	1F5AE	0000	218
		_PPS_Initialize		CODE           	1F4EA	0000	20
		_I2C1_stopCondition		CODE           	1F474	0000	8
		_I2C1_interruptFlagPolling		CODE           	1F4D6	0000	20
		_I2C1_sendData 		CODE           	1F49C	0000	12
		_I2C1_open     		CODE           	1F464	0000	8
		_I2C1_readNBytes		CODE           	1F4FE	0000	176
		_I2C1_Initialize		CODE           	1F45C	0000	8
		_I2C1_sendNotAcknowledge		CODE           	1F486	0000	10
		_I2C1_close    		CODE           	1F44E	0000	4
		_CLK_Initialize		CODE           	1F4B4	0000	14
		_I2C1_getAckstatBit		CODE           	1F4C2	0000	20
		_I2C1_sendAcknowledge		CODE           	1F47C	0000	10

main.c estimated size: 564

